// Jest Snapshot v1, https://goo.gl/fbAQLP

exports[`LoginPage snapshot 1`] = `
<div>
  <div
    class="authLayout"
  >
    <main>
      <h1>
        Iniciar sesión
      </h1>
      <div
        class="loginPage"
      >
        <form>
          <div
            class="formField"
          >
            <label
              class="label"
            >
              Email
            </label>
            <input
              aria-label="email"
              autocomplete="off"
              class="input"
              id="email"
              name="email"
              type="text"
              value=""
            />
          </div>
          <div
            class="formField"
          >
            <label
              class="label"
            >
              Password
            </label>
            <input
              aria-label="password"
              autocomplete="off"
              class="input"
              id="password"
              name="password"
              type="password"
              value=""
            />
          </div>
          <div
            class="formCheck"
          >
            <input
              aria-label="rememberme"
              id="rememberme"
              name="rememberme"
              type="checkbox"
            />
            <span>
              Recuérdame
            </span>
          </div>
          <button
            class="btn primary"
            disabled=""
            style="width: 100%;"
            type="submit"
          >
            Log in
          </button>
        </form>
      </div>
    </main>
  </div>
</div>
`;
